###############################################################################
#
# IAR ELF Linker V3.10.1.201 for STM8                     25/Jan/2020  20:31:48
# Copyright 2010-2017 IAR Systems AB.
#
#    Output file  =  
#        C:\Users\adxx\Documents\STM\STM8_LIN_working_recv\Debug\Exe\Lesson_UART.out
#    Map file     =  
#        C:\Users\adxx\Documents\STM\STM8_LIN_working_recv\Debug\List\Lesson_UART.map
#    Command line =  
#        -f C:\Users\adxx\AppData\Local\Temp\EW353F.tmp
#        (C:\Users\adxx\Documents\STM\STM8_LIN_working_recv\Debug\Obj\main.o
#        C:\Users\adxx\Documents\STM\STM8_LIN_working_recv\Debug\Obj\stm8s_clk.o
#        C:\Users\adxx\Documents\STM\STM8_LIN_working_recv\Debug\Obj\stm8s_gpio.o
#        C:\Users\adxx\Documents\STM\STM8_LIN_working_recv\Debug\Obj\stm8s_it.o
#        C:\Users\adxx\Documents\STM\STM8_LIN_working_recv\Debug\Obj\stm8s_tim4.o
#        C:\Users\adxx\Documents\STM\STM8_LIN_working_recv\Debug\Obj\stm8s_uart1.o
#        --redirect _Printf=_PrintfFullNoMb --redirect _Scanf=_ScanfFullNoMb -o
#        C:\Users\adxx\Documents\STM\STM8_LIN_working_recv\Debug\Exe\Lesson_UART.out
#        --map
#        C:\Users\adxx\Documents\STM\STM8_LIN_working_recv\Debug\List\Lesson_UART.map
#        --config "C:\Program Files (x86)\IAR Systems\Embedded Workbench
#        8.0\stm8\config\lnkstm8s103f3.icf" --config_def _CSTACK_SIZE=0x100
#        --config_def _HEAP_SIZE=0x100 --entry __iar_program_start --debug_lib)
#
###############################################################################

*******************************************************************************
*** RUNTIME MODEL ATTRIBUTES
***

__SystemLibrary            = DLib
__code_model               = small
__core                     = stm8
__data_model               = medium
__dlib_file_descriptor     = 0
__dlib_full_locale_support = 0
__rt_version               = 4


*******************************************************************************
*** PLACEMENT SUMMARY
***

"A0":  place at start of [0x000000-0x0000ff] { rw section .vregs };
"A1":  place at end of [0x000000-0x0003ff] { block CSTACK };
"P2":  place in [from 0x000000 to 0x0003ff] {
          block HEAP, rw section __DLIB_PERTHREAD, rw section .far.bss,
          rw section .far.data, rw section .far.noinit,
          rw section .far_func.textrw, rw section .huge.bss,
          rw section .huge.data, rw section .huge.noinit,
          rw section .huge_func.textrw, rw section .iar.dynexit,
          rw section .near.bss, rw section .near.data, rw section .near.noinit,
          rw section .near_func.textrw };
"A2":  place at start of [0x008000-0x009fff] { block INTVEC };
"P3":  place in [from 0x008000 to 0x009fff] {
          ro section __DLIB_PERTHREAD_init, ro section .far.data_init,
          ro section .far_func.textrw_init, ro section .huge.data_init,
          ro section .huge_func.textrw_init, ro section .iar.init_table,
          ro section .init_array, ro section .near.data_init,
          ro section .near.rodata, ro section .near_func.text,
          ro section .near_func.textrw_init, ro section .tiny.data_init,
          ro section .tiny.rodata_init };
"P4":  place in [from 0x008000 to 0x009fff] {
          ro section .far.rodata, ro section .far_func.text };
"P5":  place in [from 0x008000 to 0x009fff] {
          ro section .huge.rodata, ro section .huge_func.text };
do not initialize {
   rw section .eeprom.noinit, rw section .far.noinit, rw section .huge.noinit,
   rw section .near.noinit, rw section .tiny.noinit, rw section .vregs };
initialize by copy {
   rw section .far.bss, rw section .far.data, rw section .far_func.textrw,
   rw section .huge.bss, rw section .huge.data, rw section .huge_func.textrw,
   rw section .iar.dynexit, rw section .near.bss, rw section .near.data,
   rw section .near_func.textrw, rw section .tiny.bss, rw section .tiny.data,
   ro section .tiny.rodata };

  Section            Kind      Address   Size  Object
  -------            ----      -------   ----  ------
"A0":                                    0x10
  .vregs             uninit   0x000000   0x10  vregs.o [4]
                            - 0x000010   0x10

"P2":                                    0x66
  P2-1                        0x000010   0x66  <Init block>
    .near.data       inited   0x000010    0x1  main.o [1]
    .near.data       inited   0x000011   0x4d  stm8s_it.o [1]
    .near.bss        inited   0x00005e    0x2  main.o [1]
    .near.bss        inited   0x000060    0x1  main.o [1]
    .near.bss        inited   0x000061    0x1  main.o [1]
    .near.bss        inited   0x000062    0x1  main.o [1]
    .near.bss        inited   0x000063    0x1  main.o [1]
    .near.bss        inited   0x000064    0x1  main.o [1]
    .near.bss        inited   0x000065    0x4  main.o [1]
    .near.bss        inited   0x000069    0x4  main.o [1]
    .near.bss        inited   0x00006d    0x4  main.o [1]
    .near.bss        inited   0x000071    0x1  stm8s_it.o [1]
    .near.bss        inited   0x000072    0x1  stm8s_it.o [1]
    .near.bss        inited   0x000073    0x1  stm8s_it.o [1]
    .near.bss        inited   0x000074    0x1  stm8s_it.o [1]
    .near.bss        inited   0x000075    0x1  stm8s_it.o [1]
                            - 0x000076   0x66

"A1":                                   0x100
  CSTACK                      0x000300  0x100  <Block>
    CSTACK           uninit   0x000300  0x100  <Block tail>
                            - 0x000400  0x100

"A2":                                    0x80
  INTVEC                      0x008000   0x80  <Block>
    .intvec          const    0x008000   0x80  interrupt.o [4]
                            - 0x008080   0x80

"P3-P5":                                0xfa7
  .near_func.text    ro code  0x008080  0x222  stm8s_uart1.o [1]
  .near_func.text    ro code  0x0082a2  0x15a  stm8s_it.o [1]
  .near_func.text    ro code  0x0083fc  0x13e  long.o [4]
  .near_func.text    ro code  0x00853a  0x130  main.o [1]
  .near_func.text    ro code  0x00866a  0x110  stm8s_gpio.o [1]
  .near_func.text    ro code  0x00877a   0xff  vreg_util.o [4]
  .near_func.text    ro code  0x008879   0xd0  stm8s_uart1.o [1]
  .near_func.text    ro code  0x008949   0xa8  main.o [1]
  .near_func.text    ro code  0x0089f1   0x9e  stm8s_uart1.o [1]
  Initializer bytes  const    0x008a8f   0x66  <for P2-1>
  .near_func.text    ro code  0x008af5   0x57  stm8s_clk.o [1]
  .near_func.text    ro code  0x008b4c   0x55  long_util.o [4]
  .near_func.text    ro code  0x008ba1   0x51  stm8s_tim4.o [1]
  .near_func.text    ro code  0x008bf2   0x50  stm8s_tim4.o [1]
  .near.rodata       const    0x008c42   0x44  stm8s_uart1.o [1]
  .near.rodata       const    0x008c86   0x43  stm8s_gpio.o [1]
  .near.rodata       const    0x008cc9   0x43  stm8s_tim4.o [1]
  .near.rodata       const    0x008d0c   0x42  stm8s_clk.o [1]
  .near_func.text    ro code  0x008d4e   0x3d  stm8s_clk.o [1]
  .near_func.text    ro code  0x008d8b   0x38  main.o [1]
  .near_func.text    ro code  0x008dc3   0x36  stm8s_it.o [1]
  .near_func.text    ro code  0x008df9   0x36  stm8s_it.o [1]
  .near_func.text    ro code  0x008e2f   0x2f  stm8s_tim4.o [1]
  .near_func.text    ro code  0x008e5e   0x2f  stm8s_uart1.o [1]
  .near_func.text    ro code  0x008e8d   0x2f  stm8s_uart1.o [1]
  .near_func.text    ro code  0x008ebc   0x28  init_small.o [4]
  .near_func.text    ro code  0x008ee4   0x25  dc_util.o [4]
  .near_func.text    ro code  0x008f09   0x24  stm8s_tim4.o [1]
  .near_func.text    ro code  0x008f2d   0x24  stm8s_tim4.o [1]
  .iar.init_table    const    0x008f51    0xa  - Linker created -
  .near_func.text    ro code  0x008f5b   0x1d  main.o [1]
  .near_func.text    ro code  0x008f78   0x14  stm8s_gpio.o [1]
  .near_func.text    ro code  0x008f8c   0x14  init.o [4]
  .near_func.text    ro code  0x008fa0   0x14  __dbg_xxexit.o [3]
  .near_func.text    ro code  0x008fb4   0x13  cstartup.o [4]
  .near_func.text    ro code  0x008fc7    0xd  short.o [4]
  .near_func.text    ro code  0x008fd4    0x7  stm8s_gpio.o [1]
  .near_func.text    ro code  0x008fdb    0x7  stm8s_gpio.o [1]
  .near_func.text    ro code  0x008fe2    0x6  main.o [1]
  .near_func.text    ro code  0x008fe8    0x6  char.o [4]
  .near_func.text    ro code  0x008fee    0x5  cexit.o [4]
  .near.rodata       const    0x008ff3    0x4  stm8s_clk.o [1]
  .near_func.text    ro code  0x008ff7    0x4  main.o [1]
  .near_func.text    ro code  0x008ffb    0x4  stm8s_gpio.o [1]
  .near_func.text    ro code  0x008fff    0x4  stm8s_uart1.o [1]
  .near_func.text    ro code  0x009003    0x4  stm8s_uart1.o [1]
  .near_func.text    ro code  0x009007    0x3  interrupt.o [4]
  .near_func.text    ro code  0x00900a    0x3  low_level_init.o [4]
  .near_func.text    ro code  0x00900d    0x3  exit.o [4]
  .near_func.text    ro code  0x009010    0x3  unhandled_exception.o [4]
  .near_func.text    ro code  0x009013    0x2  main.o [1]
  .near_func.text    ro code  0x009015    0x1  stm8s_it.o [1]
  .near_func.text    ro code  0x009016    0x1  stm8s_it.o [1]
  .near_func.text    ro code  0x009017    0x1  stm8s_it.o [1]
  .near_func.text    ro code  0x009018    0x1  stm8s_it.o [1]
  .near_func.text    ro code  0x009019    0x1  stm8s_it.o [1]
  .near_func.text    ro code  0x00901a    0x1  stm8s_it.o [1]
  .near_func.text    ro code  0x00901b    0x1  stm8s_it.o [1]
  .near_func.text    ro code  0x00901c    0x1  stm8s_it.o [1]
  .near_func.text    ro code  0x00901d    0x1  stm8s_it.o [1]
  .near_func.text    ro code  0x00901e    0x1  stm8s_it.o [1]
  .near_func.text    ro code  0x00901f    0x1  stm8s_it.o [1]
  .near_func.text    ro code  0x009020    0x1  stm8s_it.o [1]
  .near_func.text    ro code  0x009021    0x1  stm8s_it.o [1]
  .near_func.text    ro code  0x009022    0x1  stm8s_it.o [1]
  .near_func.text    ro code  0x009023    0x1  stm8s_it.o [1]
  .near_func.text    ro code  0x009024    0x1  stm8s_it.o [1]
  .near_func.text    ro code  0x009025    0x1  stm8s_it.o [1]
  .near_func.text    ro code  0x009026    0x1  __dbg_break.o [3]
                            - 0x009027  0xfa7


*******************************************************************************
*** INIT TABLE
***

          Address   Size
          -------   ----
Copy (__iar_copy_init2)
    1 source range, total size 0x66:
          0x008a8f  0x66
    1 destination range, total size 0x66:
          0x000010  0x66



*******************************************************************************
*** MODULE SUMMARY
***

    Module                 ro code  ro data  rw data
    ------                 -------  -------  -------
C:\Users\adxx\Documents\STM\STM8_LIN_working_recv\Debug\Obj: [1]
    main.o                     569       20       20
    stm8s_clk.o                148       70
    stm8s_gpio.o               310       67
    stm8s_it.o                 471       82       82
    stm8s_tim4.o               280       67
    stm8s_uart1.o            1 014       68
    ------------------------------------------------
    Total:                   2 792      374      102

command line: [2]
    ------------------------------------------------
    Total:

dbgstm8smd.a: [3]
    __dbg_break.o                1
    __dbg_xxexit.o              20
    ------------------------------------------------
    Total:                      21

dlstm8smn.a: [4]
    cexit.o                      5
    char.o                       6
    cstartup.o                  19
    dc_util.o                   37
    exit.o                       3
    init.o                      20
    init_small.o                40
    interrupt.o                  3      128
    long.o                     318
    long_util.o                 85
    low_level_init.o             3
    short.o                     13
    unhandled_exception.o        3
    vreg_util.o                255
    vregs.o                                       16
    ------------------------------------------------
    Total:                     810      128       16

    Linker created                       10      256
----------------------------------------------------
    Grand Total:             3 623      512      374


*******************************************************************************
*** ENTRY LIST
***

Entry                    Address   Size  Type      Object
-----                    -------   ----  ----      ------
.iar.init_table$$Base   0x008f51          --   Gb  - Linker created -
.iar.init_table$$Limit  0x008f5b          --   Gb  - Linker created -
?b0                     0x000000         Data  Gb  vregs.o [4]
?b1                     0x000001         Data  Gb  vregs.o [4]
?b10                    0x00000a         Data  Gb  vregs.o [4]
?b11                    0x00000b         Data  Gb  vregs.o [4]
?b12                    0x00000c         Data  Gb  vregs.o [4]
?b13                    0x00000d         Data  Gb  vregs.o [4]
?b14                    0x00000e         Data  Gb  vregs.o [4]
?b15                    0x00000f         Data  Gb  vregs.o [4]
?b2                     0x000002         Data  Gb  vregs.o [4]
?b3                     0x000003         Data  Gb  vregs.o [4]
?b4                     0x000004         Data  Gb  vregs.o [4]
?b5                     0x000005         Data  Gb  vregs.o [4]
?b6                     0x000006         Data  Gb  vregs.o [4]
?b7                     0x000007         Data  Gb  vregs.o [4]
?b8                     0x000008         Data  Gb  vregs.o [4]
?b9                     0x000009         Data  Gb  vregs.o [4]
?dc32_l0                0x008ee4         Code  Gb  dc_util.o [4]
?dc32_l1                0x008ef1         Code  Gb  dc_util.o [4]
?dc32_px                0x008efe         Code  Gb  dc_util.o [4]
?e0                     0x000001         Data  Gb  vregs.o [4]
?e1                     0x000005         Data  Gb  vregs.o [4]
?e2                     0x000009         Data  Gb  vregs.o [4]
?e3                     0x00000d         Data  Gb  vregs.o [4]
?epilogue_l2            0x008809         Code  Gb  vreg_util.o [4]
?epilogue_l2_l3         0x008806         Code  Gb  vreg_util.o [4]
?epilogue_w4            0x00880d         Code  Gb  vreg_util.o [4]
?inc32_0x_0x            0x008401         Code  Gb  long.o [4]
?inc32_l0_l0            0x0083fc         Code  Gb  long.o [4]
?l0                     0x000000         Data  Gb  vregs.o [4]
?l1                     0x000004         Data  Gb  vregs.o [4]
?l2                     0x000008         Data  Gb  vregs.o [4]
?l3                     0x00000c         Data  Gb  vregs.o [4]
?load32_0x_l0           0x008b85         Code  Gb  long_util.o [4]
?load32_0x_l1           0x008b93         Code  Gb  long_util.o [4]
?load32_asp_l0          0x008b79         Code  Gb  long_util.o [4]
?load32_dbsp_l0         0x008b74         Code  Gb  long_util.o [4]
?load32_l0_0x           0x008b5c         Code  Gb  long_util.o [4]
?load32_l0_asp          0x008b51         Code  Gb  long_util.o [4]
?load32_l0_dbsp         0x008b4c         Code  Gb  long_util.o [4]
?load32_l0_xsp          0x008b53         Code  Gb  long_util.o [4]
?load32_l1_0x           0x008b68         Code  Gb  long_util.o [4]
?load32_xsp_l0          0x008b7b         Code  Gb  long_util.o [4]
?mov_e0_e1              0x008814         Code  Gb  vreg_util.o [4]
?mov_e0_e2              0x008821         Code  Gb  vreg_util.o [4]
?mov_e0_e3              0x00882e         Code  Gb  vreg_util.o [4]
?mov_e1_e0              0x00883b         Code  Gb  vreg_util.o [4]
?mov_e1_e2              0x008848         Code  Gb  vreg_util.o [4]
?mov_e1_e3              0x008855         Code  Gb  vreg_util.o [4]
?mov_e2_e0              0x008862         Code  Gb  vreg_util.o [4]
?mov_e3_e0              0x00886f         Code  Gb  vreg_util.o [4]
?mov_l0_l1              0x008811         Code  Gb  vreg_util.o [4]
?mov_l0_l2              0x00881e         Code  Gb  vreg_util.o [4]
?mov_l0_l3              0x00882b         Code  Gb  vreg_util.o [4]
?mov_l1_l0              0x008838         Code  Gb  vreg_util.o [4]
?mov_l1_l2              0x008845         Code  Gb  vreg_util.o [4]
?mov_l1_l3              0x008852         Code  Gb  vreg_util.o [4]
?mov_l2_l0              0x00885f         Code  Gb  vreg_util.o [4]
?mov_l3_l0              0x00886c         Code  Gb  vreg_util.o [4]
?mov_w1_w3              0x008817         Code  Gb  vreg_util.o [4]
?mov_w1_w5              0x008824         Code  Gb  vreg_util.o [4]
?mov_w1_w7              0x008831         Code  Gb  vreg_util.o [4]
?mov_w3_w1              0x00883e         Code  Gb  vreg_util.o [4]
?mov_w3_w5              0x00884b         Code  Gb  vreg_util.o [4]
?mov_w3_w7              0x008858         Code  Gb  vreg_util.o [4]
?mov_w5_w1              0x008865         Code  Gb  vreg_util.o [4]
?mov_w7_w1              0x008872         Code  Gb  vreg_util.o [4]
?mul32_l0_l0_0x         0x00842d         Code  Gb  long.o [4]
?mul32_l0_l0_dl         0x00842a         Code  Gb  long.o [4]
?mul32_l0_l0_l1         0x008436         Code  Gb  long.o [4]
?pop_l0                 0x0087d2         Code  Gb  vreg_util.o [4]
?pop_l1                 0x0087dd         Code  Gb  vreg_util.o [4]
?pop_l2                 0x0087e8         Code  Gb  vreg_util.o [4]
?pop_l3                 0x0087f3         Code  Gb  vreg_util.o [4]
?pop_w4                 0x008792         Code  Gb  vreg_util.o [4]
?push_l0                0x0087a1         Code  Gb  vreg_util.o [4]
?push_l1                0x0087a6         Code  Gb  vreg_util.o [4]
?push_l2                0x0087ab         Code  Gb  vreg_util.o [4]
?push_l3                0x0087b0         Code  Gb  vreg_util.o [4]
?push_w4                0x00877a         Code  Gb  vreg_util.o [4]
?sll16_x_x_a            0x008fc7         Code  Gb  short.o [4]
?sll32_0x_0x_a          0x00852c         Code  Gb  long.o [4]
?sll32_l0_l0_a          0x008529         Code  Gb  long.o [4]
?sll8_a_a_5             0x008fe9         Code  Gb  char.o [4]
?sll8_a_a_6             0x008fe8         Code  Gb  char.o [4]
?srl16_x_x_4            0x008fcf         Code  Gb  short.o [4]
?sub32_l0_l0_0x         0x008412         Code  Gb  long.o [4]
?sub32_l0_l0_l1         0x00840f         Code  Gb  long.o [4]
?udiv32_l0_dl_l1        0x0084b4         Code  Gb  long.o [4]
?udiv32_l0_l0_dl        0x0084b9         Code  Gb  long.o [4]
?udiv32_l0_l0_l1        0x0084bc         Code  Gb  long.o [4]
?umod32_l1_l0_l1        0x0084bc         Code  Gb  long.o [4]
?w0                     0x000000         Data  Gb  vregs.o [4]
?w1                     0x000002         Data  Gb  vregs.o [4]
?w2                     0x000004         Data  Gb  vregs.o [4]
?w3                     0x000006         Data  Gb  vregs.o [4]
?w4                     0x000008         Data  Gb  vregs.o [4]
?w5                     0x00000a         Data  Gb  vregs.o [4]
?w6                     0x00000c         Data  Gb  vregs.o [4]
?w7                     0x00000e         Data  Gb  vregs.o [4]
ADC1_IRQHandler         0x009024    0x1  Code  Gb  stm8s_it.o [1]
AWU_IRQHandler          0x009017    0x1  Code  Gb  stm8s_it.o [1]
CLK_Config              0x008ff7    0x4  Code  Lc  main.o [1]
CLK_GetClockFreq        0x008af5   0x57  Code  Gb  stm8s_clk.o [1]
CLK_HSIPrescalerConfig  0x008d4e   0x3d  Code  Gb  stm8s_clk.o [1]
CLK_IRQHandler          0x009018    0x1  Code  Gb  stm8s_it.o [1]
CSTACK$$Base            0x000300          --   Gb  - Linker created -
CSTACK$$Limit           0x000400          --   Gb  - Linker created -
EEPROM_EEC_IRQHandler   0x009025    0x1  Code  Gb  stm8s_it.o [1]
EXTI_PORTA_IRQHandler   0x009019    0x1  Code  Gb  stm8s_it.o [1]
EXTI_PORTB_IRQHandler   0x00901a    0x1  Code  Gb  stm8s_it.o [1]
EXTI_PORTC_IRQHandler   0x00901b    0x1  Code  Gb  stm8s_it.o [1]
EXTI_PORTD_IRQHandler   0x00901c    0x1  Code  Gb  stm8s_it.o [1]
EXTI_PORTE_IRQHandler   0x00901d    0x1  Code  Gb  stm8s_it.o [1]
GPIO_Config             0x008949   0xa8  Code  Lc  main.o [1]
GPIO_DeInit             0x008f78   0x14  Code  Gb  stm8s_gpio.o [1]
GPIO_Init               0x00866a  0x110  Code  Gb  stm8s_gpio.o [1]
GPIO_ReadInputPin       0x008fdb    0x7  Code  Gb  stm8s_gpio.o [1]
GPIO_WriteHigh          0x008fd4    0x7  Code  Gb  stm8s_gpio.o [1]
GPIO_WriteLow           0x008ffb    0x4  Code  Gb  stm8s_gpio.o [1]
HSIDivFactor            0x008ff3    0x4  Data  Gb  stm8s_clk.o [1]
I2C_IRQHandler          0x009023    0x1  Code  Gb  stm8s_it.o [1]
INTVEC$$Base            0x008000          --   Gb  - Linker created -
INTVEC$$Limit           0x008080          --   Gb  - Linker created -
Region$$Table$$Base     0x008f51          --   Gb  - Linker created -
Region$$Table$$Limit    0x008f5b          --   Gb  - Linker created -
SPI_IRQHandler          0x00901e    0x1  Code  Gb  stm8s_it.o [1]
TIM1_CAP_COM_IRQHandler
                        0x009020    0x1  Code  Gb  stm8s_it.o [1]
TIM1_UPD_OVF_TRG_BRK_IRQHandler
                        0x00901f    0x1  Code  Gb  stm8s_it.o [1]
TIM2_CAP_COM_IRQHandler
                        0x009022    0x1  Code  Gb  stm8s_it.o [1]
TIM2_UPD_OVF_BRK_IRQHandler
                        0x009021    0x1  Code  Gb  stm8s_it.o [1]
TIM4_ClearFlag          0x008f09   0x24  Code  Gb  stm8s_tim4.o [1]
TIM4_ClearITPendingBit  0x008f2d   0x24  Code  Gb  stm8s_tim4.o [1]
TIM4_Cmd                0x008e2f   0x2f  Code  Gb  stm8s_tim4.o [1]
TIM4_Config             0x008f5b   0x1d  Code  Lc  main.o [1]
TIM4_ITConfig           0x008bf2   0x50  Code  Gb  stm8s_tim4.o [1]
TIM4_TimeBaseInit       0x008ba1   0x51  Code  Gb  stm8s_tim4.o [1]
TIM4_UPD_OVF_IRQHandler
                        0x008df9   0x36  Code  Gb  stm8s_it.o [1]
TLI_IRQHandler          0x009016    0x1  Code  Gb  stm8s_it.o [1]
TRAP_IRQHandler         0x009015    0x1  Code  Gb  stm8s_it.o [1]
TxBuffer                0x000011   0x4d  Data  Gb  stm8s_it.o [1]
TxCounter               0x000071    0x1  Data  Gb  stm8s_it.o [1]
UART1_Config            0x008d8b   0x38  Code  Lc  main.o [1]
UART1_GetFlagStatus     0x0089f1   0x9e  Code  Gb  stm8s_uart1.o [1]
UART1_ITConfig          0x008879   0xd0  Code  Gb  stm8s_uart1.o [1]
UART1_Init              0x008080  0x222  Code  Gb  stm8s_uart1.o [1]
UART1_LINBreakDetectionConfig
                        0x008e5e   0x2f  Code  Gb  stm8s_uart1.o [1]
UART1_LINCmd            0x008e8d   0x2f  Code  Gb  stm8s_uart1.o [1]
UART1_RX_IRQHandler     0x0082a2  0x15a  Code  Gb  stm8s_it.o [1]
UART1_ReceiveData8      0x008fff    0x4  Code  Gb  stm8s_uart1.o [1]
UART1_SendData8         0x009003    0x4  Code  Gb  stm8s_uart1.o [1]
UART1_TX_IRQHandler     0x008dc3   0x36  Code  Gb  stm8s_it.o [1]
__DebugBreak            0x009026    0x1  Code  Gb  __dbg_break.o [3]
__exit                  0x008fa0   0x14  Code  Gb  __dbg_xxexit.o [3]
__iar_copy_init2        0x008ebc         Code  Gb  init_small.o [4]
__iar_data_init2        0x008f8c   0x14  Code  Gb  init.o [4]
__iar_program_start     0x008fb4         Code  Gb  cstartup.o [4]
__iar_unhandled_exception
                        0x009010         Code  Gb  unhandled_exception.o [4]
__intvec                0x008000         Data  Gb  interrupt.o [4]
__low_level_init        0x00900a    0x3  Code  Gb  low_level_init.o [4]
_exit                   0x008fee         Code  Gb  cexit.o [4]
_interrupt_1            0x009015         Code  Gb  stm8s_it.o [1]
_interrupt_12           0x00901e         Code  Gb  stm8s_it.o [1]
_interrupt_13           0x00901f         Code  Gb  stm8s_it.o [1]
_interrupt_14           0x009020         Code  Gb  stm8s_it.o [1]
_interrupt_15           0x009021         Code  Gb  stm8s_it.o [1]
_interrupt_16           0x009022         Code  Gb  stm8s_it.o [1]
_interrupt_19           0x008dc3         Code  Gb  stm8s_it.o [1]
_interrupt_2            0x009016         Code  Gb  stm8s_it.o [1]
_interrupt_20           0x0082a2         Code  Gb  stm8s_it.o [1]
_interrupt_21           0x009023         Code  Gb  stm8s_it.o [1]
_interrupt_24           0x009024         Code  Gb  stm8s_it.o [1]
_interrupt_25           0x008df9         Code  Gb  stm8s_it.o [1]
_interrupt_26           0x009025         Code  Gb  stm8s_it.o [1]
_interrupt_3            0x009017         Code  Gb  stm8s_it.o [1]
_interrupt_4            0x009018         Code  Gb  stm8s_it.o [1]
_interrupt_5            0x009019         Code  Gb  stm8s_it.o [1]
_interrupt_6            0x00901a         Code  Gb  stm8s_it.o [1]
_interrupt_7            0x00901b         Code  Gb  stm8s_it.o [1]
_interrupt_8            0x00901c         Code  Gb  stm8s_it.o [1]
_interrupt_9            0x00901d         Code  Gb  stm8s_it.o [1]
assert_failed           0x009013    0x2  Code  Gb  main.o [1]
crc                     0x000063    0x1  Data  Gb  main.o [1]
current_millis          0x000065    0x4  Data  Gb  main.o [1]
exit                    0x00900d    0x3  Code  Gb  exit.o [4]
expecting_crc           0x000075    0x1  Data  Gb  stm8s_it.o [1]
expecting_frame         0x000074    0x1  Data  Gb  stm8s_it.o [1]
expecting_pid           0x000073    0x1  Data  Gb  stm8s_it.o [1]
expecting_sync          0x000072    0x1  Data  Gb  stm8s_it.o [1]
fr1                     0x000061    0x1  Data  Gb  main.o [1]
fr2                     0x000062    0x1  Data  Gb  main.o [1]
idle_millis             0x000069    0x4  Data  Gb  main.o [1]
last_millis             0x00006d    0x4  Data  Gb  main.o [1]
main                    0x00853a  0x130  Code  Gb  main.o [1]
millis                  0x008fe2    0x6  Code  Gb  main.o [1]
pid                     0x000010    0x1  Data  Gb  main.o [1]
pid_crc                 0x000060    0x1  Data  Gb  main.o [1]
retract                 0x000064    0x1  Data  Gb  main.o [1]
x                       0x00005e    0x2  Data  Gb  main.o [1]


[1] = C:\Users\adxx\Documents\STM\STM8_LIN_working_recv\Debug\Obj
[2] = command line
[3] = dbgstm8smd.a
[4] = dlstm8smn.a

  3 623 bytes of readonly  code memory
    512 bytes of readonly  data memory
    374 bytes of readwrite data memory

Errors: none
Warnings: none
